{
  "version": "1.5.0",
  "plugins_used": [
    {
      "name": "ArtifactoryDetector"
    },
    {
      "name": "AWSKeyDetector"
    },
    {
      "name": "AzureStorageKeyDetector"
    },
    {
      "name": "Base64HighEntropyString",
      "limit": 4.5
    },
    {
      "name": "BasicAuthDetector"
    },
    {
      "name": "CloudantDetector"
    },
    {
      "name": "DiscordBotTokenDetector"
    },
    {
      "name": "GitHubTokenDetector"
    },
    {
      "name": "GitLabTokenDetector"
    },
    {
      "name": "HexHighEntropyString",
      "limit": 3.0
    },
    {
      "name": "IbmCloudIamDetector"
    },
    {
      "name": "IbmCosHmacDetector"
    },
    {
      "name": "IPPublicDetector"
    },
    {
      "name": "JwtTokenDetector"
    },
    {
      "name": "KeywordDetector",
      "keyword_exclude": ""
    },
    {
      "name": "MailchimpDetector"
    },
    {
      "name": "NpmDetector"
    },
    {
      "name": "OpenAIDetector"
    },
    {
      "name": "PrivateKeyDetector"
    },
    {
      "name": "PypiTokenDetector"
    },
    {
      "name": "SendGridDetector"
    },
    {
      "name": "SlackDetector"
    },
    {
      "name": "SoftlayerDetector"
    },
    {
      "name": "SquareOAuthDetector"
    },
    {
      "name": "StripeDetector"
    },
    {
      "name": "TelegramBotTokenDetector"
    },
    {
      "name": "TwilioKeyDetector"
    }
  ],
  "filters_used": [
    {
      "path": "detect_secrets.filters.allowlist.is_line_allowlisted"
    },
    {
      "path": "detect_secrets.filters.common.is_baseline_file",
      "filename": ".secrets.baseline"
    },
    {
      "path": "detect_secrets.filters.heuristic.is_indirect_reference"
    },
    {
      "path": "detect_secrets.filters.heuristic.is_likely_id_string"
    },
    {
      "path": "detect_secrets.filters.heuristic.is_lock_file"
    },
    {
      "path": "detect_secrets.filters.heuristic.is_not_alphanumeric_string"
    },
    {
      "path": "detect_secrets.filters.heuristic.is_potential_uuid"
    },
    {
      "path": "detect_secrets.filters.heuristic.is_prefixed_with_dollar_sign"
    },
    {
      "path": "detect_secrets.filters.heuristic.is_sequential_string"
    },
    {
      "path": "detect_secrets.filters.heuristic.is_swagger_file"
    },
    {
      "path": "detect_secrets.filters.heuristic.is_templated_secret"
    }
  ],
  "results": {
    "evaluation/benchmark_gateway.py": [
      {
        "type": "Secret Keyword",
        "filename": "evaluation/benchmark_gateway.py",
        "hashed_secret": "7607469275947e7099ee14f84f1da853f277b72b",
        "is_verified": false,
        "line_number": 279,
        "is_secret": false
      }
    ],
    "evaluation/historical_attacks.json": [
      {
        "type": "Base64 High Entropy String",
        "filename": "evaluation/historical_attacks.json",
        "hashed_secret": "2452f3f36575ecc45b765523da0a0d7df63035f7",
        "is_verified": false,
        "line_number": 206,
        "is_secret": false
      }
    ],
    "evaluation/results/clean-install-core.json": [
      {
        "type": "Hex High Entropy String",
        "filename": "evaluation/results/clean-install-core.json",
        "hashed_secret": "f3d6b4e3f7299497350837ee17ea60bede98292f",
        "is_verified": false,
        "line_number": 2,
        "is_secret": false
      }
    ],
    "evaluation/results/clean-install-ocr.json": [
      {
        "type": "Hex High Entropy String",
        "filename": "evaluation/results/clean-install-ocr.json",
        "hashed_secret": "3a4343d45263363aff1aad820eaa74e2a05c10cd",
        "is_verified": false,
        "line_number": 16,
        "is_secret": false
      },
      {
        "type": "Hex High Entropy String",
        "filename": "evaluation/results/clean-install-ocr.json",
        "hashed_secret": "c304ba43163ee991caa9b2f75719f9a7d984a552",
        "is_verified": false,
        "line_number": 28,
        "is_secret": false
      },
      {
        "type": "Hex High Entropy String",
        "filename": "evaluation/results/clean-install-ocr.json",
        "hashed_secret": "096fde78fcf11e679efd47c22421c0971e194b8a",
        "is_verified": false,
        "line_number": 40,
        "is_secret": false
      },
      {
        "type": "Hex High Entropy String",
        "filename": "evaluation/results/clean-install-ocr.json",
        "hashed_secret": "1812700b063db1cb7804d8bcc960151f94f26bff",
        "is_verified": false,
        "line_number": 52,
        "is_secret": false
      },
      {
        "type": "Hex High Entropy String",
        "filename": "evaluation/results/clean-install-ocr.json",
        "hashed_secret": "f8408e29f63a154891bf97035727c8157e70c72e",
        "is_verified": false,
        "line_number": 64,
        "is_secret": false
      },
      {
        "type": "Hex High Entropy String",
        "filename": "evaluation/results/clean-install-ocr.json",
        "hashed_secret": "f3d6b4e3f7299497350837ee17ea60bede98292f",
        "is_verified": false,
        "line_number": 75,
        "is_secret": false
      }
    ],
    "evaluation/results/detect-secrets-runtime-benchmark.json": [
      {
        "type": "Secret Keyword",
        "filename": "evaluation/results/detect-secrets-runtime-benchmark.json",
        "hashed_secret": "7607469275947e7099ee14f84f1da853f277b72b",
        "is_verified": false,
        "line_number": 18,
        "is_secret": false
      }
    ],
    "evaluation/results/laya-authored-rules-live.json": [
      {
        "type": "Hex High Entropy String",
        "filename": "evaluation/results/laya-authored-rules-live.json",
        "hashed_secret": "63eb541602b55b205c9ef5dd5620329453ca88cb",
        "is_verified": false,
        "line_number": 6,
        "is_secret": false
      }
    ],
    "evaluation/results/laya-regression-authoring.json": [
      {
        "type": "Hex High Entropy String",
        "filename": "evaluation/results/laya-regression-authoring.json",
        "hashed_secret": "63eb541602b55b205c9ef5dd5620329453ca88cb",
        "is_verified": false,
        "line_number": 4,
        "is_secret": false
      }
    ],
    "evaluation/results/ocr-local.json": [
      {
        "type": "Hex High Entropy String",
        "filename": "evaluation/results/ocr-local.json",
        "hashed_secret": "3a4343d45263363aff1aad820eaa74e2a05c10cd",
        "is_verified": false,
        "line_number": 16,
        "is_secret": false
      },
      {
        "type": "Hex High Entropy String",
        "filename": "evaluation/results/ocr-local.json",
        "hashed_secret": "c304ba43163ee991caa9b2f75719f9a7d984a552",
        "is_verified": false,
        "line_number": 28,
        "is_secret": false
      },
      {
        "type": "Hex High Entropy String",
        "filename": "evaluation/results/ocr-local.json",
        "hashed_secret": "096fde78fcf11e679efd47c22421c0971e194b8a",
        "is_verified": false,
        "line_number": 40,
        "is_secret": false
      },
      {
        "type": "Hex High Entropy String",
        "filename": "evaluation/results/ocr-local.json",
        "hashed_secret": "1812700b063db1cb7804d8bcc960151f94f26bff",
        "is_verified": false,
        "line_number": 52,
        "is_secret": false
      },
      {
        "type": "Hex High Entropy String",
        "filename": "evaluation/results/ocr-local.json",
        "hashed_secret": "f8408e29f63a154891bf97035727c8157e70c72e",
        "is_verified": false,
        "line_number": 64,
        "is_secret": false
      }
    ],
    "evaluation/results/scan-optimization-after.json": [
      {
        "type": "Hex High Entropy String",
        "filename": "evaluation/results/scan-optimization-after.json",
        "hashed_secret": "551f37e5c406d674efc1ebc6deb83b729e0fcf79",
        "is_verified": false,
        "line_number": 14,
        "is_secret": false
      },
      {
        "type": "Hex High Entropy String",
        "filename": "evaluation/results/scan-optimization-after.json",
        "hashed_secret": "f6cc15d1196a9413f6dc0d9490a2e4fb3074ae47",
        "is_verified": false,
        "line_number": 15,
        "is_secret": false
      },
      {
        "type": "Hex High Entropy String",
        "filename": "evaluation/results/scan-optimization-after.json",
        "hashed_secret": "7bd4721d8b0a74489ad261f605c60a3d025dadab",
        "is_verified": false,
        "line_number": 16,
        "is_secret": false
      }
    ],
    "evaluation/results/scan-optimization-before.json": [
      {
        "type": "Hex High Entropy String",
        "filename": "evaluation/results/scan-optimization-before.json",
        "hashed_secret": "d99a8e3a0a2f111c836ac61327ad14745af6f9d8",
        "is_verified": false,
        "line_number": 14,
        "is_secret": false
      },
      {
        "type": "Hex High Entropy String",
        "filename": "evaluation/results/scan-optimization-before.json",
        "hashed_secret": "64d9732a8ee45cf3650d1932f4dd330de15417f4",
        "is_verified": false,
        "line_number": 15,
        "is_secret": false
      },
      {
        "type": "Hex High Entropy String",
        "filename": "evaluation/results/scan-optimization-before.json",
        "hashed_secret": "7bd4721d8b0a74489ad261f605c60a3d025dadab",
        "is_verified": false,
        "line_number": 16,
        "is_secret": false
      }
    ],
    "evaluation/results/semantic-severity-development-initial.json": [
      {
        "type": "Hex High Entropy String",
        "filename": "evaluation/results/semantic-severity-development-initial.json",
        "hashed_secret": "b897c4c5d7a2318db5ba0aece646758c7afd8abe",
        "is_verified": false,
        "line_number": 12,
        "is_secret": false
      },
      {
        "type": "Hex High Entropy String",
        "filename": "evaluation/results/semantic-severity-development-initial.json",
        "hashed_secret": "5b789213926c8c620418fa9b2b531752f7e8ae8f",
        "is_verified": false,
        "line_number": 13,
        "is_secret": false
      }
    ],
    "evaluation/results/semantic-severity-holdout.json": [
      {
        "type": "Hex High Entropy String",
        "filename": "evaluation/results/semantic-severity-holdout.json",
        "hashed_secret": "b897c4c5d7a2318db5ba0aece646758c7afd8abe",
        "is_verified": false,
        "line_number": 12,
        "is_secret": false
      },
      {
        "type": "Hex High Entropy String",
        "filename": "evaluation/results/semantic-severity-holdout.json",
        "hashed_secret": "5b789213926c8c620418fa9b2b531752f7e8ae8f",
        "is_verified": false,
        "line_number": 13,
        "is_secret": false
      }
    ],
    "evaluation/results/semantic-severity-v2-blind-holdout.json": [
      {
        "type": "Hex High Entropy String",
        "filename": "evaluation/results/semantic-severity-v2-blind-holdout.json",
        "hashed_secret": "8de13e5aec68c54290bcc518983d74f83773279e",
        "is_verified": false,
        "line_number": 7,
        "is_secret": false
      },
      {
        "type": "Hex High Entropy String",
        "filename": "evaluation/results/semantic-severity-v2-blind-holdout.json",
        "hashed_secret": "6c178e31942dedf4701990817e78b6c97063f21a",
        "is_verified": false,
        "line_number": 14,
        "is_secret": false
      },
      {
        "type": "Hex High Entropy String",
        "filename": "evaluation/results/semantic-severity-v2-blind-holdout.json",
        "hashed_secret": "be07f7b8a6b3fdd528129d3c2083cf5e90677db8",
        "is_verified": false,
        "line_number": 15,
        "is_secret": false
      }
    ],
    "evaluation/results/semantic-severity-v2-development-initial.json": [
      {
        "type": "Hex High Entropy String",
        "filename": "evaluation/results/semantic-severity-v2-development-initial.json",
        "hashed_secret": "6c178e31942dedf4701990817e78b6c97063f21a",
        "is_verified": false,
        "line_number": 13,
        "is_secret": false
      },
      {
        "type": "Hex High Entropy String",
        "filename": "evaluation/results/semantic-severity-v2-development-initial.json",
        "hashed_secret": "3e9d9e48a134aa031a0d07d7cc0d1df955d590e3",
        "is_verified": false,
        "line_number": 14,
        "is_secret": false
      }
    ],
    "evaluation/results/semantic-severity-v2-development-refinement-rejected.json": [
      {
        "type": "Hex High Entropy String",
        "filename": "evaluation/results/semantic-severity-v2-development-refinement-rejected.json",
        "hashed_secret": "1dcb1f8577a0134352883e74e6a70a0182068f00",
        "is_verified": false,
        "line_number": 14,
        "is_secret": false
      },
      {
        "type": "Hex High Entropy String",
        "filename": "evaluation/results/semantic-severity-v2-development-refinement-rejected.json",
        "hashed_secret": "3e9d9e48a134aa031a0d07d7cc0d1df955d590e3",
        "is_verified": false,
        "line_number": 15,
        "is_secret": false
      }
    ],
    "evaluation/results/semantic-severity-v2-development.json": [
      {
        "type": "Hex High Entropy String",
        "filename": "evaluation/results/semantic-severity-v2-development.json",
        "hashed_secret": "6c178e31942dedf4701990817e78b6c97063f21a",
        "is_verified": false,
        "line_number": 13,
        "is_secret": false
      },
      {
        "type": "Hex High Entropy String",
        "filename": "evaluation/results/semantic-severity-v2-development.json",
        "hashed_secret": "3e9d9e48a134aa031a0d07d7cc0d1df955d590e3",
        "is_verified": false,
        "line_number": 14,
        "is_secret": false
      }
    ],
    "evaluation/results/semantic-strictness-live.json": [
      {
        "type": "Hex High Entropy String",
        "filename": "evaluation/results/semantic-strictness-live.json",
        "hashed_secret": "8b4a0b9b656a46d557e8ed4748d896f1807f970f",
        "is_verified": false,
        "line_number": 6,
        "is_secret": false
      },
      {
        "type": "Hex High Entropy String",
        "filename": "evaluation/results/semantic-strictness-live.json",
        "hashed_secret": "2fd7f5a1064b1f228bf714e020db63f4132a18bc",
        "is_verified": false,
        "line_number": 7,
        "is_secret": false
      },
      {
        "type": "Hex High Entropy String",
        "filename": "evaluation/results/semantic-strictness-live.json",
        "hashed_secret": "7c678d2a5bb7c293c4e6b7f12ca4cc5118bffc87",
        "is_verified": false,
        "line_number": 8,
        "is_secret": false
      }
    ],
    "evaluation/results/semantic-strictness-v2-live.json": [
      {
        "type": "Hex High Entropy String",
        "filename": "evaluation/results/semantic-strictness-v2-live.json",
        "hashed_secret": "8b4a0b9b656a46d557e8ed4748d896f1807f970f",
        "is_verified": false,
        "line_number": 6,
        "is_secret": false
      },
      {
        "type": "Hex High Entropy String",
        "filename": "evaluation/results/semantic-strictness-v2-live.json",
        "hashed_secret": "2fd7f5a1064b1f228bf714e020db63f4132a18bc",
        "is_verified": false,
        "line_number": 7,
        "is_secret": false
      },
      {
        "type": "Hex High Entropy String",
        "filename": "evaluation/results/semantic-strictness-v2-live.json",
        "hashed_secret": "7c678d2a5bb7c293c4e6b7f12ca4cc5118bffc87",
        "is_verified": false,
        "line_number": 8,
        "is_secret": false
      }
    ],
    "evaluation/results/stateless-token-benchmark.json": [
      {
        "type": "Hex High Entropy String",
        "filename": "evaluation/results/stateless-token-benchmark.json",
        "hashed_secret": "9f9b1171071c3b16781e61c2af43c1170aef4938",
        "is_verified": false,
        "line_number": 13,
        "is_secret": false
      }
    ],
    "evaluation/severity_holdout_v2.notes.json": [
      {
        "type": "Hex High Entropy String",
        "filename": "evaluation/severity_holdout_v2.notes.json",
        "hashed_secret": "be07f7b8a6b3fdd528129d3c2083cf5e90677db8",
        "is_verified": false,
        "line_number": 4,
        "is_secret": false
      },
      {
        "type": "Hex High Entropy String",
        "filename": "evaluation/severity_holdout_v2.notes.json",
        "hashed_secret": "5b789213926c8c620418fa9b2b531752f7e8ae8f",
        "is_verified": false,
        "line_number": 17,
        "is_secret": false
      }
    ],
    "evaluation/severity_v2_candidate.json": [
      {
        "type": "Hex High Entropy String",
        "filename": "evaluation/severity_v2_candidate.json",
        "hashed_secret": "6c178e31942dedf4701990817e78b6c97063f21a",
        "is_verified": false,
        "line_number": 3,
        "is_secret": false
      },
      {
        "type": "Hex High Entropy String",
        "filename": "evaluation/severity_v2_candidate.json",
        "hashed_secret": "8b4c2cb1bfa3181b09a415fe0acc01a135da6286",
        "is_verified": false,
        "line_number": 4,
        "is_secret": false
      },
      {
        "type": "Hex High Entropy String",
        "filename": "evaluation/severity_v2_candidate.json",
        "hashed_secret": "3e9d9e48a134aa031a0d07d7cc0d1df955d590e3",
        "is_verified": false,
        "line_number": 8,
        "is_secret": false
      },
      {
        "type": "Hex High Entropy String",
        "filename": "evaluation/severity_v2_candidate.json",
        "hashed_secret": "96e04deab6723550d6aa52e17079125f5ee152fb",
        "is_verified": false,
        "line_number": 9,
        "is_secret": false
      }
    ],
    "evaluation/soak_proof.py": [
      {
        "type": "Base64 High Entropy String",
        "filename": "evaluation/soak_proof.py",
        "hashed_secret": "a5fad804ec9906e788c52e89bf4cb9b88b1ab13e",
        "is_verified": false,
        "line_number": 90,
        "is_secret": false
      }
    ],
    "integrations/laya/results/live.json": [
      {
        "type": "Hex High Entropy String",
        "filename": "integrations/laya/results/live.json",
        "hashed_secret": "63eb541602b55b205c9ef5dd5620329453ca88cb",
        "is_verified": false,
        "line_number": 3,
        "is_secret": false
      }
    ],
    "integrations/laya/run_demo.py": [
      {
        "type": "Hex High Entropy String",
        "filename": "integrations/laya/run_demo.py",
        "hashed_secret": "63eb541602b55b205c9ef5dd5620329453ca88cb",
        "is_verified": false,
        "line_number": 20,
        "is_secret": false
      },
      {
        "type": "Secret Keyword",
        "filename": "integrations/laya/run_demo.py",
        "hashed_secret": "4f800bb640035eb36fdd69846fafc2edd4eef4bf",
        "is_verified": false,
        "line_number": 73,
        "is_secret": false
      }
    ],
    "integrations/laya/setup.sh": [
      {
        "type": "Hex High Entropy String",
        "filename": "integrations/laya/setup.sh",
        "hashed_secret": "63eb541602b55b205c9ef5dd5620329453ca88cb",
        "is_verified": false,
        "line_number": 13,
        "is_secret": false
      }
    ],
    "specs/changes/004-laya-agent-gateway.yaml": [
      {
        "type": "Hex High Entropy String",
        "filename": "specs/changes/004-laya-agent-gateway.yaml",
        "hashed_secret": "63eb541602b55b205c9ef5dd5620329453ca88cb",
        "is_verified": false,
        "line_number": 42,
        "is_secret": false
      }
    ],
    "specs/project.yaml": [
      {
        "type": "Hex High Entropy String",
        "filename": "specs/project.yaml",
        "hashed_secret": "5d33c6f04af2298997946b39428f99a212de4d75",
        "is_verified": false,
        "line_number": 33,
        "is_secret": false
      }
    ],
    "src/fastfence/modules/anonymization/persistence/crypto.py": [
      {
        "type": "Base64 High Entropy String",
        "filename": "src/fastfence/modules/anonymization/persistence/crypto.py",
        "hashed_secret": "1d88dcdeae967e05e6e9a4463fbaa3bbff343d6e",
        "is_verified": false,
        "line_number": 88,
        "is_secret": false
      }
    ],
    "src/fastfence/modules/control/persistence/tools.py": [
      {
        "type": "Base64 High Entropy String",
        "filename": "src/fastfence/modules/control/persistence/tools.py",
        "hashed_secret": "a5fad804ec9906e788c52e89bf4cb9b88b1ab13e",
        "is_verified": false,
        "line_number": 72,
        "is_secret": false
      },
      {
        "type": "Secret Keyword",
        "filename": "src/fastfence/modules/control/persistence/tools.py",
        "hashed_secret": "a5fad804ec9906e788c52e89bf4cb9b88b1ab13e",
        "is_verified": false,
        "line_number": 72,
        "is_secret": false
      }
    ],
    "tests/fixtures/secrets.py": [
      {
        "type": "Base64 High Entropy String",
        "filename": "tests/fixtures/secrets.py",
        "hashed_secret": "078553dc10635837abb80f404302c70cba91b879",
        "is_verified": false,
        "line_number": 3,
        "is_secret": false
      },
      {
        "type": "GitHub Token",
        "filename": "tests/fixtures/secrets.py",
        "hashed_secret": "e175c6f5f2a92e8623bd9a4820edb4e8c1b0fd10",
        "is_verified": false,
        "line_number": 3,
        "is_secret": false
      },
      {
        "type": "Slack Token",
        "filename": "tests/fixtures/secrets.py",
        "hashed_secret": "0d56d6e3e6bb93574db6524e0c1fd7aea8d776ed",
        "is_verified": false,
        "line_number": 4,
        "is_secret": false
      }
    ],
    "tests/integration/test_gateway.py": [
      {
        "type": "Secret Keyword",
        "filename": "tests/integration/test_gateway.py",
        "hashed_secret": "cb18f35cf606808db52b31f51edc496ef854891d",
        "is_verified": false,
        "line_number": 155,
        "is_secret": false
      },
      {
        "type": "Secret Keyword",
        "filename": "tests/integration/test_gateway.py",
        "hashed_secret": "02e9fa445bb7fa85e8e09d7bf0d4b0e15966c883",
        "is_verified": false,
        "line_number": 178,
        "is_secret": false
      },
      {
        "type": "Secret Keyword",
        "filename": "tests/integration/test_gateway.py",
        "hashed_secret": "e9638523414539c4565a6e32d1b2040cdd621e6d",
        "is_verified": false,
        "line_number": 180,
        "is_secret": false
      }
    ],
    "tests/integration/test_laya_rule_authoring.py": [
      {
        "type": "Basic Auth Credentials",
        "filename": "tests/integration/test_laya_rule_authoring.py",
        "hashed_secret": "e80721793c24ae14edfca9b26ad406a9815cd3ff",
        "is_verified": false,
        "line_number": 62,
        "is_secret": false
      }
    ],
    "tests/unit/test_config_providers.py": [
      {
        "type": "Basic Auth Credentials",
        "filename": "tests/unit/test_config_providers.py",
        "hashed_secret": "e5e9fa1ba31ecd1ae84f75caaa474f3a663f05f4",
        "is_verified": false,
        "line_number": 175,
        "is_secret": false
      }
    ],
    "tests/unit/test_control_boundary.py": [
      {
        "type": "Secret Keyword",
        "filename": "tests/unit/test_control_boundary.py",
        "hashed_secret": "4fe1c5a1335eebc621276a40a0b60887ae4a385e",
        "is_verified": false,
        "line_number": 129,
        "is_secret": false
      },
      {
        "type": "Secret Keyword",
        "filename": "tests/unit/test_control_boundary.py",
        "hashed_secret": "b8001f79b5d628653d8f81861b354909c42d28a7",
        "is_verified": false,
        "line_number": 130,
        "is_secret": false
      }
    ],
    "tests/unit/test_memory_runtime.py": [
      {
        "type": "Secret Keyword",
        "filename": "tests/unit/test_memory_runtime.py",
        "hashed_secret": "b2e10c58ead1b4a1c420fb238e31c1601774d848",
        "is_verified": false,
        "line_number": 34,
        "is_secret": false
      }
    ],
    "tests/unit/test_scan_optimization.py": [
      {
        "type": "Secret Keyword",
        "filename": "tests/unit/test_scan_optimization.py",
        "hashed_secret": "e9a2c3af6742ec869d0a05fc4f5f200f5171157b",
        "is_verified": false,
        "line_number": 39,
        "is_secret": false
      },
      {
        "type": "Secret Keyword",
        "filename": "tests/unit/test_scan_optimization.py",
        "hashed_secret": "f1e8285023f1c74f830677f42fe047ba0dcac120",
        "is_verified": false,
        "line_number": 74,
        "is_secret": false
      }
    ]
  },
  "generated_at": "2026-10-03T17:38:03Z"
}
