{
  "version": "1.5.0",
  "plugins_used": [
    {
      "name": "ArtifactoryDetector"
    },
    {
      "name": "AWSKeyDetector"
    },
    {
      "name": "AzureStorageKeyDetector"
    },
    {
      "name": "Base64HighEntropyString",
      "limit": 4.5
    },
    {
      "name": "BasicAuthDetector"
    },
    {
      "name": "CloudantDetector"
    },
    {
      "name": "DiscordBotTokenDetector"
    },
    {
      "name": "GitHubTokenDetector"
    },
    {
      "name": "GitLabTokenDetector"
    },
    {
      "name": "HexHighEntropyString",
      "limit": 3.0
    },
    {
      "name": "IbmCloudIamDetector"
    },
    {
      "name": "IbmCosHmacDetector"
    },
    {
      "name": "IPPublicDetector"
    },
    {
      "name": "JwtTokenDetector"
    },
    {
      "name": "KeywordDetector",
      "keyword_exclude": ""
    },
    {
      "name": "MailchimpDetector"
    },
    {
      "name": "NpmDetector"
    },
    {
      "name": "OpenAIDetector"
    },
    {
      "name": "PrivateKeyDetector"
    },
    {
      "name": "PypiTokenDetector"
    },
    {
      "name": "SendGridDetector"
    },
    {
      "name": "SlackDetector"
    },
    {
      "name": "SoftlayerDetector"
    },
    {
      "name": "SquareOAuthDetector"
    },
    {
      "name": "StripeDetector"
    },
    {
      "name": "TelegramBotTokenDetector"
    },
    {
      "name": "TwilioKeyDetector"
    }
  ],
  "filters_used": [
    {
      "path": "detect_secrets.filters.allowlist.is_line_allowlisted"
    },
    {
      "path": "detect_secrets.filters.heuristic.is_indirect_reference"
    },
    {
      "path": "detect_secrets.filters.heuristic.is_likely_id_string"
    },
    {
      "path": "detect_secrets.filters.heuristic.is_lock_file"
    },
    {
      "path": "detect_secrets.filters.heuristic.is_not_alphanumeric_string"
    },
    {
      "path": "detect_secrets.filters.heuristic.is_potential_uuid"
    },
    {
      "path": "detect_secrets.filters.heuristic.is_prefixed_with_dollar_sign"
    },
    {
      "path": "detect_secrets.filters.heuristic.is_sequential_string"
    },
    {
      "path": "detect_secrets.filters.heuristic.is_swagger_file"
    },
    {
      "path": "detect_secrets.filters.heuristic.is_templated_secret"
    }
  ],
  "results": {
    "evaluation/benchmark_gateway.py": [
      {
        "type": "Secret Keyword",
        "filename": "evaluation/benchmark_gateway.py",
        "hashed_secret": "7607469275947e7099ee14f84f1da853f277b72b",
        "is_verified": false,
        "line_number": 279,
        "is_secret": false
      }
    ],
    "evaluation/results/detect-secrets-runtime-benchmark.json": [
      {
        "type": "Secret Keyword",
        "filename": "evaluation/results/detect-secrets-runtime-benchmark.json",
        "hashed_secret": "7607469275947e7099ee14f84f1da853f277b72b",
        "is_verified": false,
        "line_number": 18,
        "is_secret": false
      }
    ],
    "evaluation/results/laya-authored-rules-live.json": [
      {
        "type": "Hex High Entropy String",
        "filename": "evaluation/results/laya-authored-rules-live.json",
        "hashed_secret": "63eb541602b55b205c9ef5dd5620329453ca88cb",
        "is_verified": false,
        "line_number": 6,
        "is_secret": false
      }
    ],
    "integrations/laya/results/live.json": [
      {
        "type": "Hex High Entropy String",
        "filename": "integrations/laya/results/live.json",
        "hashed_secret": "63eb541602b55b205c9ef5dd5620329453ca88cb",
        "is_verified": false,
        "line_number": 3,
        "is_secret": false
      }
    ],
    "integrations/laya/run_demo.py": [
      {
        "type": "Hex High Entropy String",
        "filename": "integrations/laya/run_demo.py",
        "hashed_secret": "63eb541602b55b205c9ef5dd5620329453ca88cb",
        "is_verified": false,
        "line_number": 20,
        "is_secret": false
      },
      {
        "type": "Secret Keyword",
        "filename": "integrations/laya/run_demo.py",
        "hashed_secret": "4f800bb640035eb36fdd69846fafc2edd4eef4bf",
        "is_verified": false,
        "line_number": 73,
        "is_secret": false
      }
    ],
    "integrations/laya/setup.sh": [
      {
        "type": "Hex High Entropy String",
        "filename": "integrations/laya/setup.sh",
        "hashed_secret": "63eb541602b55b205c9ef5dd5620329453ca88cb",
        "is_verified": false,
        "line_number": 6,
        "is_secret": false
      }
    ],
    "specs/changes/004-laya-agent-gateway.yaml": [
      {
        "type": "Hex High Entropy String",
        "filename": "specs/changes/004-laya-agent-gateway.yaml",
        "hashed_secret": "63eb541602b55b205c9ef5dd5620329453ca88cb",
        "is_verified": false,
        "line_number": 42,
        "is_secret": false
      }
    ],
    "specs/project.yaml": [
      {
        "type": "Hex High Entropy String",
        "filename": "specs/project.yaml",
        "hashed_secret": "5d33c6f04af2298997946b39428f99a212de4d75",
        "is_verified": false,
        "line_number": 33,
        "is_secret": false
      }
    ],
    "src/fastfence/modules/control/persistence/tools.py": [
      {
        "type": "Base64 High Entropy String",
        "filename": "src/fastfence/modules/control/persistence/tools.py",
        "hashed_secret": "a5fad804ec9906e788c52e89bf4cb9b88b1ab13e",
        "is_verified": false,
        "line_number": 72,
        "is_secret": false
      },
      {
        "type": "Secret Keyword",
        "filename": "src/fastfence/modules/control/persistence/tools.py",
        "hashed_secret": "a5fad804ec9906e788c52e89bf4cb9b88b1ab13e",
        "is_verified": false,
        "line_number": 72,
        "is_secret": false
      }
    ],
    "tests/fixtures/secrets.py": [
      {
        "type": "Base64 High Entropy String",
        "filename": "tests/fixtures/secrets.py",
        "hashed_secret": "078553dc10635837abb80f404302c70cba91b879",
        "is_verified": false,
        "line_number": 3,
        "is_secret": false
      },
      {
        "type": "GitHub Token",
        "filename": "tests/fixtures/secrets.py",
        "hashed_secret": "e175c6f5f2a92e8623bd9a4820edb4e8c1b0fd10",
        "is_verified": false,
        "line_number": 3,
        "is_secret": false
      },
      {
        "type": "Slack Token",
        "filename": "tests/fixtures/secrets.py",
        "hashed_secret": "0d56d6e3e6bb93574db6524e0c1fd7aea8d776ed",
        "is_verified": false,
        "line_number": 4,
        "is_secret": false
      }
    ],
    "tests/integration/test_gateway.py": [
      {
        "type": "Secret Keyword",
        "filename": "tests/integration/test_gateway.py",
        "hashed_secret": "cb18f35cf606808db52b31f51edc496ef854891d",
        "is_verified": false,
        "line_number": 155,
        "is_secret": false
      },
      {
        "type": "Secret Keyword",
        "filename": "tests/integration/test_gateway.py",
        "hashed_secret": "02e9fa445bb7fa85e8e09d7bf0d4b0e15966c883",
        "is_verified": false,
        "line_number": 178,
        "is_secret": false
      },
      {
        "type": "Secret Keyword",
        "filename": "tests/integration/test_gateway.py",
        "hashed_secret": "e9638523414539c4565a6e32d1b2040cdd621e6d",
        "is_verified": false,
        "line_number": 180,
        "is_secret": false
      }
    ],
    "tests/integration/test_laya_rule_authoring.py": [
      {
        "type": "Basic Auth Credentials",
        "filename": "tests/integration/test_laya_rule_authoring.py",
        "hashed_secret": "e80721793c24ae14edfca9b26ad406a9815cd3ff",
        "is_verified": false,
        "line_number": 62,
        "is_secret": false
      }
    ],
    "tests/unit/test_config_providers.py": [
      {
        "type": "Basic Auth Credentials",
        "filename": "tests/unit/test_config_providers.py",
        "hashed_secret": "e5e9fa1ba31ecd1ae84f75caaa474f3a663f05f4",
        "is_verified": false,
        "line_number": 168,
        "is_secret": false
      }
    ],
    "tests/unit/test_control_boundary.py": [
      {
        "type": "Secret Keyword",
        "filename": "tests/unit/test_control_boundary.py",
        "hashed_secret": "4fe1c5a1335eebc621276a40a0b60887ae4a385e",
        "is_verified": false,
        "line_number": 129,
        "is_secret": false
      },
      {
        "type": "Secret Keyword",
        "filename": "tests/unit/test_control_boundary.py",
        "hashed_secret": "b8001f79b5d628653d8f81861b354909c42d28a7",
        "is_verified": false,
        "line_number": 130,
        "is_secret": false
      }
    ],
    "tests/unit/test_memory_runtime.py": [
      {
        "type": "Secret Keyword",
        "filename": "tests/unit/test_memory_runtime.py",
        "hashed_secret": "b2e10c58ead1b4a1c420fb238e31c1601774d848",
        "is_verified": false,
        "line_number": 34,
        "is_secret": false
      }
    ]
  },
  "generated_at": "2026-10-03T11:47:25Z"
}
